--------- beginning of system
--------- beginning of tracking
--------- beginning of main
04-24 16:58:04.439 14785 14785 I Unity   : windowFocusChanged: false
04-24 16:58:04.471 14785 14896 W Unity   : [XR] Symmetric Projection is only supported on Quest 2 with Vulkan and Multiview.
04-24 16:58:04.501 14785 14785 I Unity   : onPause
04-24 16:58:10.349 14785 14807 I Unity   : Unable to process a controller whose SampleRateHz is 0 now.
04-24 16:58:10.349 14785 14807 I Unity   : UnityEngine.StackTraceUtility:ExtractStackTrace () (at /home/bokken/build/output/unity/unity/Runtime/Export/Scripting/StackTrace.cs:37)
04-24 16:58:10.349 14785 14807 I Unity   : UnityEngine.DebugLogHandler:LogFormat (UnityEngine.LogType,UnityEngine.Object,string,object[])
04-24 16:58:10.349 14785 14807 I Unity   : UnityEngine.Logger:Log (UnityEngine.LogType,object)
04-24 16:58:10.349 14785 14807 I Unity   : UnityEngine.Debug:Log (object)
04-24 16:58:10.349 14785 14807 I Unity   : OVRHaptics/OVRHapticsOutput:Process () (at C:/Users/kisan/OneDrive/Bureau/VR_project/Assets/Oculus/VR/Scripts/OVRHaptics.cs:177)
04-24 16:58:10.349 14785 14807 I Unity   : OVRHaptics:Process () (at C:/Users/kisan/OneDrive/Bureau/VR_project/Assets/Oculus/VR/Scripts/OVRHaptics.cs:407)
04-24 16:58:10.349 14785 14807 I Unity   : OVRManager:LateUpdate () (at C:/Users/kisan/OneDrive/Bureau/VR_project/Assets/Oculus/VR/Scripts/OVRManager.cs:2471)
04-24 16:58:10.349 14785 14807 I Unity   : 
04-24 16:58:10.472 14785 14807 W Unity   : Ignoring depth surface store action as it is memoryless
04-24 16:58:23.086 14785 14807 W Unity   : RightHandAnchor get closed
04-24 16:58:23.086 14785 14807 W Unity   : UnityEngine.StackTraceUtility:ExtractStackTrace () (at /home/bokken/build/output/unity/unity/Runtime/Export/Scripting/StackTrace.cs:37)
04-24 16:58:23.086 14785 14807 W Unity   : UnityEngine.DebugLogHandler:LogFormat (UnityEngine.LogType,UnityEngine.Object,string,object[])
04-24 16:58:23.086 14785 14807 W Unity   : UnityEngine.Logger:LogFormat (UnityEngine.LogType,string,object[])
04-24 16:58:23.086 14785 14807 W Unity   : UnityEngine.Debug:LogWarningFormat (string,object[])
04-24 16:58:23.086 14785 14807 W Unity   : HandController:handle_controller_behavior () (at C:/Users/kisan/OneDrive/Bureau/VR_project/Assets/HandController.cs:104)
04-24 16:58:23.086 14785 14807 W Unity   : HandController:Update () (at C:/Users/kisan/OneDrive/Bureau/VR_project/Assets/HandController.cs:75)
04-24 16:58:23.086 14785 14807 W Unity   : 
04-24 16:58:23.088 14785 14807 W Unity   : RightHandAnchor grasped axe
04-24 16:58:23.088 14785 14807 W Unity   : UnityEngine.StackTraceUtility:ExtractStackTrace () (at /home/bokken/build/output/unity/unity/Runtime/Export/Scripting/StackTrace.cs:37)
04-24 16:58:23.088 14785 14807 W Unity   : UnityEngine.DebugLogHandler:LogFormat (UnityEngine.LogType,UnityEngine.Object,string,object[])
04-24 16:58:23.088 14785 14807 W Unity   : UnityEngine.Logger:LogFormat (UnityEngine.LogType,string,object[])
04-24 16:58:23.088 14785 14807 W Unity   : UnityEngine.Debug:LogWarningFormat (string,object[])
04-24 16:58:23.088 14785 14807 W Unity   : HandController:handle_controller_behavior () (at C:/Users/kisan/OneDrive/Bureau/VR_project/Assets/HandController.cs:138)
04-24 16:58:23.088 14785 14807 W Unity   : HandController:Update () (at C:/Users/kisan/OneDrive/Bureau/VR_project/Assets/HandController.cs:75)
04-24 16:58:23.088 14785 14807 W Unity   : 
04-24 16:58:23.089 14785 14807 W Unity   : RightHandAnchor get closed
04-24 16:58:23.089 14785 14807 W Unity   : UnityEngine.StackTraceUtility:ExtractStackTrace () (at /home/bokken/build/output/unity/unity/Runtime/Export/Scripting/StackTrace.cs:37)
04-24 16:58:23.089 14785 14807 W Unity   : UnityEngine.DebugLogHandler:LogFormat (UnityEngine.LogType,UnityEngine.Object,string,object[])
04-24 16:58:23.089 14785 14807 W Unity   : UnityEngine.Logger:LogFormat (UnityEngine.LogType,string,object[])
04-24 16:58:23.089 14785 14807 W Unity   : UnityEngine.Debug:LogWarningFormat (string,object[])
04-24 16:58:23.089 14785 14807 W Unity   : HandController:handle_controller_behavior () (at C:/Users/kisan/OneDrive/Bureau/VR_project/Assets/HandController.cs:104)
04-24 16:58:23.089 14785 14807 W Unity   : HandController:Update () (at C:/Users/kisan/OneDrive/Bureau/VR_project/Assets/HandController.cs:75)
04-24 16:58:23.089 14785 14807 W Unity   : 
04-24 16:58:25.603 14785 14807 W Unity   : RightHandAnchor released axe
04-24 16:58:25.603 14785 14807 W Unity   : UnityEngine.StackTraceUtility:ExtractStackTrace () (at /home/bokken/build/output/unity/unity/Runtime/Export/Scripting/StackTrace.cs:37)
04-24 16:58:25.603 14785 14807 W Unity   : UnityEngine.DebugLogHandler:LogFormat (UnityEngine.LogType,UnityEngine.Object,string,object[])
04-24 16:58:25.603 14785 14807 W Unity   : UnityEngine.Logger:LogFormat (UnityEngine.LogType,string,object[])
04-24 16:58:25.603 14785 14807 W Unity   : UnityEngine.Debug:LogWarningFormat (string,object[])
04-24 16:58:25.603 14785 14807 W Unity   : HandController:handle_controller_behavior () (at C:/Users/kisan/OneDrive/Bureau/VR_project/Assets/HandController.cs:153)
04-24 16:58:25.603 14785 14807 W Unity   : HandController:Update () (at C:/Users/kisan/OneDrive/Bureau/VR_project/Assets/HandController.cs:75)
04-24 16:58:25.603 14785 14807 W Unity   : 
04-24 16:58:25.618 14785 14807 W Unity   : Collision! Resistance remaining: 30
04-24 16:58:25.618 14785 14807 W Unity   : UnityEngine.StackTraceUtility:ExtractStackTrace () (at /home/bokken/build/output/unity/unity/Runtime/Export/Scripting/StackTrace.cs:37)
04-24 16:58:25.618 14785 14807 W Unity   : UnityEngine.DebugLogHandler:LogFormat (UnityEngine.LogType,UnityEngine.Object,string,object[])
04-24 16:58:25.618 14785 14807 W Unity   : UnityEngine.Logger:LogFormat (UnityEngine.LogType,string,object[])
04-24 16:58:25.618 14785 14807 W Unity   : UnityEngine.Debug:LogWarningFormat (string,object[])
04-24 16:58:25.618 14785 14807 W Unity   : BreakDoor:OnCollisionEnter (UnityEngine.Collision) (at C:/Users/kisan/OneDrive/Bureau/VR_project/Assets/BreakDoor.cs:29)
04-24 16:58:25.618 14785 14807 W Unity   : 
04-24 16:58:25.619 14785 14807 W Unity   : Collider (child) name: blade
04-24 16:58:25.619 14785 14807 W Unity   : UnityEngine.StackTraceUtility:ExtractStackTrace () (at /home/bokken/build/output/unity/unity/Runtime/Export/Scripting/StackTrace.cs:37)
04-24 16:58:25.619 14785 14807 W Unity   : UnityEngine.DebugLogHandler:LogFormat (UnityEngine.LogType,UnityEngine.Object,string,object[])
04-24 16:58:25.619 14785 14807 W Unity   : UnityEngine.Logger:LogFormat (UnityEngine.LogType,string,object[])
04-24 16:58:25.619 14785 14807 W Unity   : UnityEngine.Debug:LogWarningFormat (string,object[])
04-24 16:58:25.619 14785 14807 W Unity   : BreakDoor:OnCollisionEnter (UnityEngine.Collision) (at C:/Users/kisan/OneDrive/Bureau/VR_project/Assets/BreakDoor.cs:32)
04-24 16:58:25.619 14785 14807 W Unity   : 
04-24 16:58:25.620 14785 14807 W Unity   : Velocity: 2.004962
04-24 16:58:25.620 14785 14807 W Unity   : UnityEngine.StackTraceUtility:ExtractStackTrace () (at /home/bokken/build/output/unity/unity/Runtime/Export/Scripting/StackTrace.cs:37)
04-24 16:58:25.620 14785 14807 W Unity   : UnityEngine.DebugLogHandler:LogFormat (UnityEngine.LogType,UnityEngine.Object,string,object[])
04-24 16:58:25.620 14785 14807 W Unity   : UnityEngine.Logger:LogFormat (UnityEngine.LogType,string,object[])
04-24 16:58:25.620 14785 14807 W Unity   : UnityEngine.Debug:LogWarningFormat (string,object[])
04-24 16:58:25.620 14785 14807 W Unity   : BreakDoor:OnCollisionEnter (UnityEngine.Collision) (at C:/Users/kisan/OneDrive/Bureau/VR_project/Assets/BreakDoor.cs:34)
04-24 16:58:25.620 14785 14807 W Unity   : 
04-24 16:58:25.620 14785 14807 W Unity   : New resistance: 19.97519
04-24 16:58:25.620 14785 14807 W Unity   : UnityEngine.StackTraceUtility:ExtractStackTrace () (at /home/bokken/build/output/unity/unity/Runtime/Export/Scripting/StackTrace.cs:37)
04-24 16:58:25.620 14785 14807 W Unity   : UnityEngine.DebugLogHandler:LogFormat (UnityEngine.LogType,UnityEngine.Object,string,object[])
04-24 16:58:25.620 14785 14807 W Unity   : UnityEngine.Logger:LogFormat (UnityEngine.LogType,string,object[])
04-24 16:58:25.620 14785 14807 W Unity   : UnityEngine.Debug:LogWarningFormat (string,object[])
04-24 16:58:25.620 14785 14807 W Unity   : BreakDoor:OnCollisionEnter (UnityEngine.Collision) (at C:/Users/kisan/OneDrive/Bureau/VR_project/Assets/BreakDoor.cs:44)
04-24 16:58:25.620 14785 14807 W Unity   : 
04-24 16:58:25.622 14785 14807 W Unity   : Collision! Resistance remaining: 19.97519
04-24 16:58:25.622 14785 14807 W Unity   : UnityEngine.StackTraceUtility:ExtractStackTrace () (at /home/bokken/build/output/unity/unity/Runtime/Export/Scripting/StackTrace.cs:37)
04-24 16:58:25.622 14785 14807 W Unity   : UnityEngine.DebugLogHandler:LogFormat (UnityEngine.LogType,UnityEngine.Object,string,object[])
04-24 16:58:25.622 14785 14807 W Unity   : UnityEngine.Logger:LogFormat (UnityEngine.LogType,string,object[])
04-24 16:58:25.622 14785 14807 W Unity   : UnityEngine.Debug:LogWarningFormat (string,object[])
04-24 16:58:25.622 14785 14807 W Unity   : BreakDoor:OnCollisionEnter (UnityEngine.Collision) (at C:/Users/kisan/OneDrive/Bureau/VR_project/Assets/BreakDoor.cs:29)
04-24 16:58:25.622 14785 14807 W Unity   : 
04-24 16:58:25.622 14785 14807 W Unity   : Collider (child) name: blade
04-24 16:58:25.622 14785 14807 W Unity   : UnityEngine.StackTraceUtility:ExtractStackTrace () (at /home/bokken/build/output/unity/unity/Runtime/Export/Scripting/StackTrace.cs:37)
04-24 16:58:25.622 14785 14807 W Unity   : UnityEngine.DebugLogHandler:LogFormat (UnityEngine.LogType,UnityEngine.Object,string,object[])
04-24 16:58:25.622 14785 14807 W Unity   : UnityEngine.Logger:LogFormat (UnityEngine.LogType,string,object[])
04-24 16:58:25.622 14785 14807 W Unity   : UnityEngine.Debug:LogWarningFormat (string,object[])
04-24 16:58:25.622 14785 14807 W Unity   : BreakDoor:OnCollisionEnter (UnityEngine.Collision) (at C:/Users/kisan/OneDrive/Bureau/VR_project/Assets/BreakDoor.cs:32)
04-24 16:58:25.622 14785 14807 W Unity   : 
04-24 16:58:25.622 14785 14807 W Unity   : Velocity: 2.004962
04-24 16:58:25.622 14785 14807 W Unity   : UnityEngine.StackTraceUtility:ExtractStackTrace () (at /home/bokken/build/output/unity/unity/Runtime/Export/Scripting/StackTrace.cs:37)
04-24 16:58:25.622 14785 14807 W Unity   : UnityEngine.DebugLogHandler:LogFormat (UnityEngine.LogType,UnityEngine.Object,string,object[])
04-24 16:58:25.622 14785 14807 W Unity   : UnityEngine.Logger:LogFormat (UnityEngine.LogType,string,object[])
04-24 16:58:25.622 14785 14807 W Unity   : UnityEngine.Debug:LogWarningFormat (string,object[])
04-24 16:58:25.622 14785 14807 W Unity   : BreakDoor:OnCollisionEnter (UnityEngine.Collision) (at C:/Users/kisan/OneDrive/Bureau/VR_project/Assets/BreakDoor.cs:34)
04-24 16:58:25.622 14785 14807 W Unity   : 
04-24 16:58:25.622 14785 14807 W Unity   : New resistance: 9.950379
04-24 16:58:25.622 14785 14807 W Unity   : UnityEngine.StackTraceUtility:ExtractStackTrace () (at /home/bokken/build/output/unity/unity/Runtime/Export/Scripting/StackTrace.cs:37)
04-24 16:58:25.622 14785 14807 W Unity   : UnityEngine.DebugLogHandler:LogFormat (UnityEngine.LogType,UnityEngine.Object,string,object[])
04-24 16:58:25.622 14785 14807 W Unity   : UnityEngine.Logger:LogFormat (UnityEngine.LogType,string,object[])
04-24 16:58:25.622 14785 14807 W Unity   : UnityEngine.Debug:LogWarningFormat (string,object[])
04-24 16:58:25.622 14785 14807 W Unity   : BreakDoor:OnCollisionEnter (UnityEngine.Collision) (at C:/Users/kisan/OneDrive/Bureau/VR_project/Assets/BreakDoor.cs:44)
04-24 16:58:25.622 14785 14807 W Unity   : 
04-24 16:58:25.641 14785 14807 W Unity   : Collision! Resistance remaining: 9.950379
04-24 16:58:25.641 14785 14807 W Unity   : UnityEngine.StackTraceUtility:ExtractStackTrace () (at /home/bokken/build/output/unity/unity/Runtime/Export/Scripting/StackTrace.cs:37)
04-24 16:58:25.641 14785 14807 W Unity   : UnityEngine.DebugLogHandler:LogFormat (UnityEngine.LogType,UnityEngine.Object,string,object[])
04-24 16:58:25.641 14785 14807 W Unity   : UnityEngine.Logger:LogFormat (UnityEngine.LogType,string,object[])
04-24 16:58:25.641 14785 14807 W Unity   : UnityEngine.Debug:LogWarningFormat (string,object[])
04-24 16:58:25.641 14785 14807 W Unity   : BreakDoor:OnCollisionEnter (UnityEngine.Collision) (at C:/Users/kisan/OneDrive/Bureau/VR_project/Assets/BreakDoor.cs:29)
04-24 16:58:25.641 14785 14807 W Unity   : 
04-24 16:58:25.642 14785 14807 W Unity   : Collider (child) name: blade
04-24 16:58:25.642 14785 14807 W Unity   : UnityEngine.StackTraceUtility:ExtractStackTrace () (at /home/bokken/build/output/unity/unity/Runtime/Export/Scripting/StackTrace.cs:37)
04-24 16:58:25.642 14785 14807 W Unity   : UnityEngine.DebugLogHandler:LogFormat (UnityEngine.LogType,UnityEngine.Object,string,object[])
04-24 16:58:25.642 14785 14807 W Unity   : UnityEngine.Logger:LogFormat (UnityEngine.LogType,string,object[])
04-24 16:58:25.642 14785 14807 W Unity   : UnityEngine.Debug:LogWarningFormat (string,object[])
04-24 16:58:25.642 14785 14807 W Unity   : BreakDoor:OnCollisionEnter (UnityEngine.Collision) (at C:/Users/kisan/OneDrive/Bureau/VR_project/Assets/BreakDoor.cs:32)
04-24 16:58:25.642 14785 14807 W Unity   : 
04-24 16:58:25.642 14785 14807 W Unity   : Velocity: 11.96384
04-24 16:58:25.642 14785 14807 W Unity   : UnityEngine.StackTraceUtility:ExtractStackTrace () (at /home/bokken/build/output/unity/unity/Runtime/Export/Scripting/StackTrace.cs:37)
04-24 16:58:25.642 14785 14807 W Unity   : UnityEngine.DebugLogHandler:LogFormat (UnityEngine.LogType,UnityEngine.Object,string,object[])
04-24 16:58:25.642 14785 14807 W Unity   : UnityEngine.Logger:LogFormat (UnityEngine.LogType,string,object[])
04-24 16:58:25.642 14785 14807 W Unity   : UnityEngine.Debug:LogWarningFormat (string,object[])
04-24 16:58:25.642 14785 14807 W Unity   : BreakDoor:OnCollisionEnter (UnityEngine.Collision) (at C:/Users/kisan/OneDrive/Bureau/VR_project/Assets/BreakDoor.cs:34)
04-24 16:58:25.642 14785 14807 W Unity   : 
04-24 16:58:25.642 14785 14807 W Unity   : New resistance: -49.8688
04-24 16:58:25.642 14785 14807 W Unity   : UnityEngine.StackTraceUtility:ExtractStackTrace () (at /home/bokken/build/output/unity/unity/Runtime/Export/Scripting/StackTrace.cs:37)
04-24 16:58:25.642 14785 14807 W Unity   : UnityEngine.DebugLogHandler:LogFormat (UnityEngine.LogType,UnityEngine.Object,string,object[])
04-24 16:58:25.642 14785 14807 W Unity   : UnityEngine.Logger:LogFormat (UnityEngine.LogType,string,object[])
04-24 16:58:25.642 14785 14807 W Unity   : UnityEngine.Debug:LogWarningFormat (string,object[])
04-24 16:58:25.642 14785 14807 W Unity   : BreakDoor:OnCollisionEnter (UnityEngine.Collision) (at C:/Users/kisan/OneDrive/Bureau/VR_project/Assets/BreakDoor.cs:44)
04-24 16:58:25.642 14785 14807 W Unity   : 
04-24 16:58:25.643 14785 14807 W Unity   : Destroying...
04-24 16:58:25.643 14785 14807 W Unity   : UnityEngine.StackTraceUtility:ExtractStackTrace () (at /home/bokken/build/output/unity/unity/Runtime/Export/Scripting/StackTrace.cs:37)
04-24 16:58:25.643 14785 14807 W Unity   : UnityEngine.DebugLogHandler:LogFormat (UnityEngine.LogType,UnityEngine.Object,string,object[])
04-24 16:58:25.643 14785 14807 W Unity   : UnityEngine.Logger:LogFormat (UnityEngine.LogType,string,object[])
04-24 16:58:25.643 14785 14807 W Unity   : UnityEngine.Debug:LogWarningFormat (string,object[])
04-24 16:58:25.643 14785 14807 W Unity   : BreakDoor:OnCollisionEnter (UnityEngine.Collision) (at C:/Users/kisan/OneDrive/Bureau/VR_project/Assets/BreakDoor.cs:50)
04-24 16:58:25.643 14785 14807 W Unity   : 
04-24 16:58:25.644 14785 14807 E Unity   : Destroying GameObjects immediately is not permitted during physics trigger/contact, animation event callbacks, rendering callbacks or OnValidate. You must use Destroy instead.
04-24 16:58:25.644 14785 14807 E Unity   : UnityEngine.StackTraceUtility:ExtractStackTrace () (at /home/bokken/build/output/unity/unity/Runtime/Export/Scripting/StackTrace.cs:37)
04-24 16:58:25.644 14785 14807 E Unity   : UnityEngine.Object:DestroyImmediate (UnityEngine.Object) (at /home/bokken/build/output/unity/unity/Runtime/Export/Scripting/UnityEngineObject.bindings.cs:332)
04-24 16:58:25.644 14785 14807 E Unity   : BreakDoor:OnCollisionEnter (UnityEngine.Collision) (at C:/Users/kisan/OneDrive/Bureau/VR_project/Assets/BreakDoor.cs:51)
04-24 16:58:25.644 14785 14807 E Unity   : 
04-24 16:58:25.644 14785 14807 E Unity   : [/home/bokken/build/output/unity/unity/Runtime/Export/Scripting/StackTrace.cs line 37]
04-24 16:58:25.644 14785 14807 E Unity   : 
04-24 16:58:25.644 14785 14807 W Unity   : Collision! Resistance remaining: -49.8688
04-24 16:58:25.644 14785 14807 W Unity   : UnityEngine.StackTraceUtility:ExtractStackTrace () (at /home/bokken/build/output/unity/unity/Runtime/Export/Scripting/StackTrace.cs:37)
04-24 16:58:25.644 14785 14807 W Unity   : UnityEngine.DebugLogHandler:LogFormat (UnityEngine.LogType,UnityEngine.Object,string,object[])
04-24 16:58:25.644 14785 14807 W Unity   : UnityEngine.Logger:LogFormat (UnityEngine.LogType,string,object[])
04-24 16:58:25.644 14785 14807 W Unity   : UnityEngine.Debug:LogWarningFormat (string,object[])
04-24 16:58:25.644 14785 14807 W Unity   : BreakDoor:OnCollisionEnter (UnityEngine.Collision) (at C:/Users/kisan/OneDrive/Bureau/VR_project/Assets/BreakDoor.cs:29)
04-24 16:58:25.644 14785 14807 W Unity   : 
04-24 16:58:25.645 14785 14807 W Unity   : Collider (child) name: blade
04-24 16:58:25.645 14785 14807 W Unity   : UnityEngine.StackTraceUtility:ExtractStackTrace () (at /home/bokken/build/output/unity/unity/Runtime/Export/Scripting/StackTrace.cs:37)
04-24 16:58:25.645 14785 14807 W Unity   : UnityEngine.DebugLogHandler:LogFormat (UnityEngine.LogType,UnityEngine.Object,string,object[])
04-24 16:58:25.645 14785 14807 W Unity   : UnityEngine.Logger:LogFormat (UnityEngine.LogType,string,object[])
04-24 16:58:25.645 14785 14807 W Unity   : UnityEngine.Debug:LogWarningFormat (string,object[])
04-24 16:58:25.645 14785 14807 W Unity   : BreakDoor:OnCollisionEnter (UnityEngine.Collision) (at C:/Users/kisan/OneDrive/Bureau/VR_project/Assets/BreakDoor.cs:32)
04-24 16:58:25.645 14785 14807 W Unity   : 
04-24 16:58:25.645 14785 14807 W Unity   : Velocity: 11.96384
04-24 16:58:25.645 14785 14807 W Unity   : UnityEngine.StackTraceUtility:ExtractStackTrace () (at /home/bokken/build/output/unity/unity/Runtime/Export/Scripting/StackTrace.cs:37)
04-24 16:58:25.645 14785 14807 W Unity   : UnityEngine.DebugLogHandler:LogFormat (UnityEngine.LogType,UnityEngine.Object,string,object[])
04-24 16:58:25.645 14785 14807 W Unity   : UnityEngine.Logger:LogFormat (UnityEngine.LogType,string,object[])
04-24 16:58:25.645 14785 14807 W Unity   : UnityEngine.Debug:LogWarningFormat (string,object[])
04-24 16:58:25.645 14785 14807 W Unity   : BreakDoor:OnCollisionEnter (UnityEngine.Collision) (at C:/Users/kisan/OneDrive/Bureau/VR_project/Assets/BreakDoor.cs:34)
04-24 16:58:25.645 14785 14807 W Unity   : 
04-24 16:58:25.645 14785 14807 W Unity   : New resistance: -109.688
04-24 16:58:25.645 14785 14807 W Unity   : UnityEngine.StackTraceUtility:ExtractStackTrace () (at /home/bokken/build/output/unity/unity/Runtime/Export/Scripting/StackTrace.cs:37)
04-24 16:58:25.645 14785 14807 W Unity   : UnityEngine.DebugLogHandler:LogFormat (UnityEngine.LogType,UnityEngine.Object,string,object[])
04-24 16:58:25.645 14785 14807 W Unity   : UnityEngine.Logger:LogFormat (UnityEngine.LogType,string,object[])
04-24 16:58:25.645 14785 14807 W Unity   : UnityEngine.Debug:LogWarningFormat (string,object[])
04-24 16:58:25.645 14785 14807 W Unity   : BreakDoor:OnCollisionEnter (UnityEngine.Collision) (at C:/Users/kisan/OneDrive/Bureau/VR_project/Assets/BreakDoor.cs:44)
04-24 16:58:25.645 14785 14807 W Unity   : 
04-24 16:58:25.645 14785 14807 W Unity   : Destroying...
04-24 16:58:25.645 14785 14807 W Unity   : UnityEngine.StackTraceUtility:ExtractStackTrace () (at /home/bokken/build/output/unity/unity/Runtime/Export/Scripting/StackTrace.cs:37)
04-24 16:58:25.645 14785 14807 W Unity   : UnityEngine.DebugLogHandler:LogFormat (UnityEngine.LogType,UnityEngine.Object,string,object[])
04-24 16:58:25.645 14785 14807 W Unity   : UnityEngine.Logger:LogFormat (UnityEngine.LogType,string,object[])
04-24 16:58:25.645 14785 14807 W Unity   : UnityEngine.Debug:LogWarningFormat (string,object[])
04-24 16:58:25.645 14785 14807 W Unity   : BreakDoor:OnCollisionEnter (UnityEngine.Collision) (at C:/Users/kisan/OneDrive/Bureau/VR_project/Assets/BreakDoor.cs:50)
04-24 16:58:25.645 14785 14807 W Unity   : 
04-24 16:58:25.646 14785 14807 E Unity   : Destroying GameObjects immediately is not permitted during physics trigger/contact, animation event callbacks, rendering callbacks or OnValidate. You must use Destroy instead.
04-24 16:58:25.646 14785 14807 E Unity   : UnityEngine.StackTraceUtility:ExtractStackTrace () (at /home/bokken/build/output/unity/unity/Runtime/Export/Scripting/StackTrace.cs:37)
04-24 16:58:25.646 14785 14807 E Unity   : UnityEngine.Object:DestroyImmediate (UnityEngine.Object) (at /home/bokken/build/output/unity/unity/Runtime/Export/Scripting/UnityEngineObject.bindings.cs:332)
04-24 16:58:25.646 14785 14807 E Unity   : BreakDoor:OnCollisionEnter (UnityEngine.Collision) (at C:/Users/kisan/OneDrive/Bureau/VR_project/Assets/BreakDoor.cs:51)
04-24 16:58:25.646 14785 14807 E Unity   : 
04-24 16:58:25.646 14785 14807 E Unity   : [/home/bokken/build/output/unity/unity/Runtime/Export/Scripting/StackTrace.cs line 37]
04-24 16:58:25.646 14785 14807 E Unity   : 
04-24 16:58:25.723 14785 14807 W Unity   : Collision! Resistance remaining: -109.688
04-24 16:58:25.723 14785 14807 W Unity   : UnityEngine.StackTraceUtility:ExtractStackTrace () (at /home/bokken/build/output/unity/unity/Runtime/Export/Scripting/StackTrace.cs:37)
04-24 16:58:25.723 14785 14807 W Unity   : UnityEngine.DebugLogHandler:LogFormat (UnityEngine.LogType,UnityEngine.Object,string,object[])
04-24 16:58:25.723 14785 14807 W Unity   : UnityEngine.Logger:LogFormat (UnityEngine.LogType,string,object[])
04-24 16:58:25.723 14785 14807 W Unity   : UnityEngine.Debug:LogWarningFormat (string,object[])
04-24 16:58:25.723 14785 14807 W Unity   : BreakDoor:OnCollisionEnter (UnityEngine.Collision) (at C:/Users/kisan/OneDrive/Bureau/VR_project/Assets/BreakDoor.cs:29)
04-24 16:58:25.723 14785 14807 W Unity   : 
04-24 16:58:25.723 14785 14807 W Unity   : Collider (child) name: blade
04-24 16:58:25.723 14785 14807 W Unity   : UnityEngine.StackTraceUtility:ExtractStackTrace () (at /home/bokken/build/output/unity/unity/Runtime/Export/Scripting/StackTrace.cs:37)
04-24 16:58:25.723 14785 14807 W Unity   : UnityEngine.DebugLogHandler:LogFormat (UnityEngine.LogType,UnityEngine.Object,string,object[])
04-24 16:58:25.723 14785 14807 W Unity   : UnityEngine.Logger:LogFormat (UnityEngine.LogType,string,object[])
04-24 16:58:25.723 14785 14807 W Unity   : UnityEngine.Debug:LogWarningFormat (string,object[])
04-24 16:58:25.723 14785 14807 W Unity   : BreakDoor:OnCollisionEnter (UnityEngine.Collision) (at C:/Users/kisan/OneDrive/Bureau/VR_project/Assets/BreakDoor.cs:32)
04-24 16:58:25.723 14785 14807 W Unity   : 
04-24 16:58:25.724 14785 14807 W Unity   : Velocity: 2.24821
04-24 16:58:25.724 14785 14807 W Unity   : UnityEngine.StackTraceUtility:ExtractStackTrace () (at /home/bokken/build/output/unity/unity/Runtime/Export/Scripting/StackTrace.cs:37)
04-24 16:58:25.724 14785 14807 W Unity   : UnityEngine.DebugLogHandler:LogFormat (UnityEngine.LogType,UnityEngine.Object,string,object[])
04-24 16:58:25.724 14785 14807 W Unity   : UnityEngine.Logger:LogFormat (UnityEngine.LogType,string,object[])
04-24 16:58:25.724 14785 14807 W Unity   : UnityEngine.Debug:LogWarningFormat (string,object[])
04-24 16:58:25.724 14785 14807 W Unity   : BreakDoor:OnCollisionEnter (UnityEngine.Collision) (at C:/Users/kisan/OneDrive/Bureau/VR_project/Assets/BreakDoor.cs:34)
04-24 16:58:25.724 14785 14807 W Unity   : 
04-24 16:58:25.724 14785 14807 W Unity   : New resistance: -120.929
04-24 16:58:25.724 14785 14807 W Unity   : UnityEngine.StackTraceUtility:ExtractStackTrace () (at /home/bokken/build/output/unity/unity/Runtime/Export/Scripting/StackTrace.cs:37)
04-24 16:58:25.724 14785 14807 W Unity   : UnityEngine.DebugLogHandler:LogFormat (UnityEngine.LogType,UnityEngine.Object,string,object[])
04-24 16:58:25.724 14785 14807 W Unity   : UnityEngine.Logger:LogFormat (UnityEngine.LogType,string,object[])
04-24 16:58:25.724 14785 14807 W Unity   : UnityEngine.Debug:LogWarningFormat (string,object[])
04-24 16:58:25.724 14785 14807 W Unity   : BreakDoor:OnCollisionEnter (UnityEngine.Collision) (at C:/Users/kisan/OneDrive/Bureau/VR_project/Assets/BreakDoor.cs:44)
04-24 16:58:25.724 14785 14807 W Unity   : 
04-24 16:58:25.724 14785 14807 W Unity   : Destroying...
04-24 16:58:25.724 14785 14807 W Unity   : UnityEngine.StackTraceUtility:ExtractStackTrace () (at /home/bokken/build/output/unity/unity/Runtime/Export/Scripting/StackTrace.cs:37)
04-24 16:58:25.724 14785 14807 W Unity   : UnityEngine.DebugLogHandler:LogFormat (UnityEngine.LogType,UnityEngine.Object,string,object[])
04-24 16:58:25.724 14785 14807 W Unity   : UnityEngine.Logger:LogFormat (UnityEngine.LogType,string,object[])
04-24 16:58:25.724 14785 14807 W Unity   : UnityEngine.Debug:LogWarningFormat (string,object[])
04-24 16:58:25.724 14785 14807 W Unity   : BreakDoor:OnCollisionEnter (UnityEngine.Collision) (at C:/Users/kisan/OneDrive/Bureau/VR_project/Assets/BreakDoor.cs:50)
04-24 16:58:25.724 14785 14807 W Unity   : 
04-24 16:58:25.724 14785 14807 E Unity   : Destroying GameObjects immediately is not permitted during physics trigger/contact, animation event callbacks, rendering callbacks or OnValidate. You must use Destroy instead.
04-24 16:58:25.724 14785 14807 E Unity   : UnityEngine.StackTraceUtility:ExtractStackTrace () (at /home/bokken/build/output/unity/unity/Runtime/Export/Scripting/StackTrace.cs:37)
04-24 16:58:25.724 14785 14807 E Unity   : UnityEngine.Object:DestroyImmediate (UnityEngine.Object) (at /home/bokken/build/output/unity/unity/Runtime/Export/Scripting/UnityEngineObject.bindings.cs:332)
04-24 16:58:25.724 14785 14807 E Unity   : BreakDoor:OnCollisionEnter (UnityEngine.Collision) (at C:/Users/kisan/OneDrive/Bureau/VR_project/Assets/BreakDoor.cs:51)
04-24 16:58:25.724 14785 14807 E Unity   : 
04-24 16:58:25.724 14785 14807 E Unity   : [/home/bokken/build/output/unity/unity/Runtime/Export/Scripting/StackTrace.cs line 37]
04-24 16:58:25.724 14785 14807 E Unity   : 
04-24 16:58:25.725 14785 14807 W Unity   : Collision! Resistance remaining: -120.929
04-24 16:58:25.725 14785 14807 W Unity   : UnityEngine.StackTraceUtility:ExtractStackTrace () (at /home/bokken/build/output/unity/unity/Runtime/Export/Scripting/StackTrace.cs:37)
04-24 16:58:25.725 14785 14807 W Unity   : UnityEngine.DebugLogHandler:LogFormat (UnityEngine.LogType,UnityEngine.Object,string,object[])
04-24 16:58:25.725 14785 14807 W Unity   : UnityEngine.Logger:LogFormat (UnityEngine.LogType,string,object[])
04-24 16:58:25.725 14785 14807 W Unity   : UnityEngine.Debug:LogWarningFormat (string,object[])
04-24 16:58:25.725 14785 14807 W Unity   : BreakDoor:OnCollisionEnter (UnityEngine.Collision) (at C:/Users/kisan/OneDrive/Bureau/VR_project/Assets/BreakDoor.cs:29)
04-24 16:58:25.725 14785 14807 W Unity   : 
04-24 16:58:25.725 14785 14807 W Unity   : Collider (child) name: blade
04-24 16:58:25.725 14785 14807 W Unity   : UnityEngine.StackTraceUtility:ExtractStackTrace () (at /home/bokken/build/output/unity/unity/Runtime/Export/Scripting/StackTrace.cs:37)
04-24 16:58:25.725 14785 14807 W Unity   : UnityEngine.DebugLogHandler:LogFormat (UnityEngine.LogType,UnityEngine.Object,string,object[])
04-24 16:58:25.725 14785 14807 W Unity   : UnityEngine.Logger:LogFormat (UnityEngine.LogType,string,object[])
04-24 16:58:25.725 14785 14807 W Unity   : UnityEngine.Debug:LogWarningFormat (string,object[])
04-24 16:58:25.725 14785 14807 W Unity   : BreakDoor:OnCollisionEnter (UnityEngine.Collision) (at C:/Users/kisan/OneDrive/Bureau/VR_project/Assets/BreakDoor.cs:32)
04-24 16:58:25.725 14785 14807 W Unity   : 
04-24 16:58:25.725 14785 14807 W Unity   : Velocity: 2.24821
04-24 16:58:25.725 14785 14807 W Unity   : UnityEngine.StackTraceUtility:ExtractStackTrace () (at /home/bokken/build/output/unity/unity/Runtime/Export/Scripting/StackTrace.cs:37)
04-24 16:58:25.725 14785 14807 W Unity   : UnityEngine.DebugLogHandler:LogFormat (UnityEngine.LogType,UnityEngine.Object,string,object[])
04-24 16:58:25.725 14785 14807 W Unity   : UnityEngine.Logger:LogFormat (UnityEngine.LogType,string,object[])
04-24 16:58:25.725 14785 14807 W Unity   : UnityEngine.Debug:LogWarningFormat (string,object[])
04-24 16:58:25.725 14785 14807 W Unity   : BreakDoor:OnCollisionEnter (UnityEngine.Collision) (at C:/Users/kisan/OneDrive/Bureau/VR_project/Assets/BreakDoor.cs:34)
04-24 16:58:25.725 14785 14807 W Unity   : 
04-24 16:58:25.726 14785 14807 W Unity   : New resistance: -132.1701
04-24 16:58:25.726 14785 14807 W Unity   : UnityEngine.StackTraceUtility:ExtractStackTrace () (at /home/bokken/build/output/unity/unity/Runtime/Export/Scripting/StackTrace.cs:37)
04-24 16:58:25.726 14785 14807 W Unity   : UnityEngine.DebugLogHandler:LogFormat (UnityEngine.LogType,UnityEngine.Object,string,object[])
04-24 16:58:25.726 14785 14807 W Unity   : UnityEngine.Logger:LogFormat (UnityEngine.LogType,string,object[])
04-24 16:58:25.726 14785 14807 W Unity   : UnityEngine.Debug:LogWarningFormat (string,object[])
04-24 16:58:25.726 14785 14807 W Unity   : BreakDoor:OnCollisionEnter (UnityEngine.Collision) (at C:/Users/kisan/OneDrive/Bureau/VR_project/Assets/BreakDoor.cs:44)
04-24 16:58:25.726 14785 14807 W Unity   : 
04-24 16:58:25.726 14785 14807 W Unity   : Destroying...
04-24 16:58:25.726 14785 14807 W Unity   : UnityEngine.StackTraceUtility:ExtractStackTrace () (at /home/bokken/build/output/unity/unity/Runtime/Export/Scripting/StackTrace.cs:37)
04-24 16:58:25.726 14785 14807 W Unity   : UnityEngine.DebugLogHandler:LogFormat (UnityEngine.LogType,UnityEngine.Object,string,object[])
04-24 16:58:25.726 14785 14807 W Unity   : UnityEngine.Logger:LogFormat (UnityEngine.LogType,string,object[])
04-24 16:58:25.726 14785 14807 W Unity   : UnityEngine.Debug:LogWarningFormat (string,object[])
04-24 16:58:25.726 14785 14807 W Unity   : BreakDoor:OnCollisionEnter (UnityEngine.Collision) (at C:/Users/kisan/OneDrive/Bureau/VR_project/Assets/BreakDoor.cs:50)
04-24 16:58:25.726 14785 14807 W Unity   : 
04-24 16:58:25.726 14785 14807 E Unity   : Destroying GameObjects immediately is not permitted during physics trigger/contact, animation event callbacks, rendering callbacks or OnValidate. You must use Destroy instead.
04-24 16:58:25.726 14785 14807 E Unity   : UnityEngine.StackTraceUtility:ExtractStackTrace () (at /home/bokken/build/output/unity/unity/Runtime/Export/Scripting/StackTrace.cs:37)
04-24 16:58:25.726 14785 14807 E Unity   : UnityEngine.Object:DestroyImmediate (UnityEngine.Object) (at /home/bokken/build/output/unity/unity/Runtime/Export/Scripting/UnityEngineObject.bindings.cs:332)
04-24 16:58:25.726 14785 14807 E Unity   : BreakDoor:OnCollisionEnter (UnityEngine.Collision) (at C:/Users/kisan/OneDrive/Bureau/VR_project/Assets/BreakDoor.cs:51)
04-24 16:58:25.726 14785 14807 E Unity   : 
04-24 16:58:25.726 14785 14807 E Unity   : [/home/bokken/build/output/unity/unity/Runtime/Export/Scripting/StackTrace.cs line 37]
04-24 16:58:25.726 14785 14807 E Unity   : 
04-24 16:58:31.981 14785 14807 I Unity   : [OVRManager] InputFocusLost event
04-24 16:58:31.981 14785 14807 I Unity   : UnityEngine.StackTraceUtility:ExtractStackTrace () (at /home/bokken/build/output/unity/unity/Runtime/Export/Scripting/StackTrace.cs:37)
04-24 16:58:31.981 14785 14807 I Unity   : UnityEngine.DebugLogHandler:LogFormat (UnityEngine.LogType,UnityEngine.Object,string,object[])
04-24 16:58:31.981 14785 14807 I Unity   : UnityEngine.Logger:Log (UnityEngine.LogType,object)
04-24 16:58:31.981 14785 14807 I Unity   : UnityEngine.Debug:Log (object)
04-24 16:58:31.981 14785 14807 I Unity   : OVRManager:Update () (at C:/Users/kisan/OneDrive/Bureau/VR_project/Assets/Oculus/VR/Scripts/OVRManager.cs:2174)
04-24 16:58:31.981 14785 14807 I Unity   : 
04-24 16:58:32.017 14785 14785 I Unity   : windowFocusChanged: false
04-24 16:58:32.028 14785 14807 I Unity   : [OVRManager] OnApplicationFocus(false)
04-24 16:58:32.028 14785 14807 I Unity   : UnityEngine.StackTraceUtility:ExtractStackTrace () (at /home/bokken/build/output/unity/unity/Runtime/Export/Scripting/StackTrace.cs:37)
04-24 16:58:32.028 14785 14807 I Unity   : UnityEngine.DebugLogHandler:LogFormat (UnityEngine.LogType,UnityEngine.Object,string,object[])
04-24 16:58:32.028 14785 14807 I Unity   : UnityEngine.Logger:Log (UnityEngine.LogType,object)
04-24 16:58:32.028 14785 14807 I Unity   : UnityEngine.Debug:Log (object)
04-24 16:58:32.028 14785 14807 I Unity   : OVRManager:OnApplicationFocus (bool) (at C:/Users/kisan/OneDrive/Bureau/VR_project/Assets/Oculus/VR/Scripts/OVRManager.cs:2516)
04-24 16:58:32.028 14785 14807 I Unity   : 
04-24 16:58:32.158 14785 14785 I Unity   : windowFocusChanged: true
04-24 16:58:32.166 14785 14807 I Unity   : [OVRManager] OnApplicationFocus(true)
04-24 16:58:32.166 14785 14807 I Unity   : UnityEngine.StackTraceUtility:ExtractStackTrace () (at /home/bokken/build/output/unity/unity/Runtime/Export/Scripting/StackTrace.cs:37)
04-24 16:58:32.166 14785 14807 I Unity   : UnityEngine.DebugLogHandler:LogFormat (UnityEngine.LogType,UnityEngine.Object,string,object[])
04-24 16:58:32.166 14785 14807 I Unity   : UnityEngine.Logger:Log (UnityEngine.LogType,object)
04-24 16:58:32.166 14785 14807 I Unity   : UnityEngine.Debug:Log (object)
04-24 16:58:32.166 14785 14807 I Unity   : OVRManager:OnApplicationFocus (bool) (at C:/Users/kisan/OneDrive/Bureau/VR_project/Assets/Oculus/VR/Scripts/OVRManager.cs:2512)
04-24 16:58:32.166 14785 14807 I Unity   : 
04-24 16:58:32.186 14785 14807 I Unity   : [OVRManager] InputFocusAcquired event
04-24 16:58:32.186 14785 14807 I Unity   : UnityEngine.StackTraceUtility:ExtractStackTrace () (at /home/bokken/build/output/unity/unity/Runtime/Export/Scripting/StackTrace.cs:37)
04-24 16:58:32.186 14785 14807 I Unity   : UnityEngine.DebugLogHandler:LogFormat (UnityEngine.LogType,UnityEngine.Object,string,object[])
04-24 16:58:32.186 14785 14807 I Unity   : UnityEngine.Logger:Log (UnityEngine.LogType,object)
04-24 16:58:32.186 14785 14807 I Unity   : UnityEngine.Debug:Log (object)
04-24 16:58:32.186 14785 14807 I Unity   : OVRManager:Update () (at C:/Users/kisan/OneDrive/Bureau/VR_project/Assets/Oculus/VR/Scripts/OVRManager.cs:2188)
04-24 16:58:32.186 14785 14807 I Unity   : 
04-24 16:58:32.243 14785 14807 I Unity   : [OVRManager] InputFocusLost event
04-24 16:58:32.243 14785 14807 I Unity   : UnityEngine.StackTraceUtility:ExtractStackTrace () (at /home/bokken/build/output/unity/unity/Runtime/Export/Scripting/StackTrace.cs:37)
04-24 16:58:32.243 14785 14807 I Unity   : UnityEngine.DebugLogHandler:LogFormat (UnityEngine.LogType,UnityEngine.Object,string,object[])
04-24 16:58:32.243 14785 14807 I Unity   : UnityEngine.Logger:Log (UnityEngine.LogType,object)
04-24 16:58:32.243 14785 14807 I Unity   : UnityEngine.Debug:Log (object)
04-24 16:58:32.243 14785 14807 I Unity   : OVRManager:Update () (at C:/Users/kisan/OneDrive/Bureau/VR_project/Assets/Oculus/VR/Scripts/OVRManager.cs:2174)
04-24 16:58:32.243 14785 14807 I Unity   : 
04-24 16:58:32.246 14785 14807 I Unity   : Unable to process a controller whose SampleRateHz is 0 now.
04-24 16:58:32.246 14785 14807 I Unity   : UnityEngine.StackTraceUtility:ExtractStackTrace () (at /home/bokken/build/output/unity/unity/Runtime/Export/Scripting/StackTrace.cs:37)
04-24 16:58:32.246 14785 14807 I Unity   : UnityEngine.DebugLogHandler:LogFormat (UnityEngine.LogType,UnityEngine.Object,string,object[])
04-24 16:58:32.246 14785 14807 I Unity   : UnityEngine.Logger:Log (UnityEngine.LogType,object)
04-24 16:58:32.246 14785 14807 I Unity   : UnityEngine.Debug:Log (object)
04-24 16:58:32.246 14785 14807 I Unity   : OVRHaptics/OVRHapticsOutput:Process () (at C:/Users/kisan/OneDrive/Bureau/VR_project/Assets/Oculus/VR/Scripts/OVRHaptics.cs:177)
04-24 16:58:32.246 14785 14807 I Unity   : OVRHaptics:Process () (at C:/Users/kisan/OneDrive/Bureau/VR_project/Assets/Oculus/VR/Scripts/OVRHaptics.cs:407)
04-24 16:58:32.246 14785 14807 I Unity   : OVRManager:LateUpdate () (at C:/Users/kisan/OneDrive/Bureau/VR_project/Assets/Oculus/VR/Scripts/OVRManager.cs:2471)
04-24 16:58:32.246 14785 14807 I Unity   : 
04-24 16:58:32.246 14785 14807 I Unity   : Unable to process a controller whose SampleRateHz is 0 now.
04-24 16:58:32.246 14785 14807 I Unity   : UnityEngine.StackTraceUtility:ExtractStackTrace () (at /home/bokken/build/output/unity/unity/Runtime/Export/Scripting/StackTrace.cs:37)
04-24 16:58:32.246 14785 14807 I Unity   : UnityEngine.DebugLogHandler:LogFormat (UnityEngine.LogType,UnityEngine.Object,string,object[])
04-24 16:58:32.246 14785 14807 I Unity   : UnityEngine.Logger:Log (UnityEngine.LogType,object)
04-24 16:58:32.246 14785 14807 I Unity   : UnityEngine.Debug:Log (object)
04-24 16:58:32.246 14785 14807 I Unity   : OVRHaptics/OVRHapticsOutput:Process () (at C:/Users/kisan/OneDrive/Bureau/VR_project/Assets/Oculus/VR/Scripts/OVRHaptics.cs:177)
04-24 16:58:32.246 14785 14807 I Unity   : OVRHaptics:Process () (at C:/Users/kisan/OneDrive/Bureau/VR_project/Assets/Oculus/VR/Scripts/OVRHaptics.cs:407)
04-24 16:58:32.246 14785 14807 I Unity   : OVRManager:LateUpdate () (at C:/Users/kisan/OneDrive/Bureau/VR_project/Assets/Oculus/VR/Scripts/OVRManager.cs:2471)
04-24 16:58:32.246 14785 14807 I Unity   : 
04-24 16:58:32.336 14785 14785 I Unity   : windowFocusChanged: false
04-24 16:58:32.343 14785 14807 I Unity   : [OVRManager] OnApplicationFocus(false)
04-24 16:58:32.343 14785 14807 I Unity   : UnityEngine.StackTraceUtility:ExtractStackTrace () (at /home/bokken/build/output/unity/unity/Runtime/Export/Scripting/StackTrace.cs:37)
04-24 16:58:32.343 14785 14807 I Unity   : UnityEngine.DebugLogHandler:LogFormat (UnityEngine.LogType,UnityEngine.Object,string,object[])
04-24 16:58:32.343 14785 14807 I Unity   : UnityEngine.Logger:Log (UnityEngine.LogType,object)
04-24 16:58:32.343 14785 14807 I Unity   : UnityEngine.Debug:Log (object)
04-24 16:58:32.343 14785 14807 I Unity   : OVRManager:OnApplicationFocus (bool) (at C:/Users/kisan/OneDrive/Bureau/VR_project/Assets/Oculus/VR/Scripts/OVRManager.cs:2516)
04-24 16:58:32.343 14785 14807 I Unity   : 
04-24 16:58:34.246 14785 14785 I Unity   : onPause
04-24 16:58:34.351 14785 14807 I Unity   : [OVRManager] OnApplicationPause(true)
04-24 16:58:34.351 14785 14807 I Unity   : UnityEngine.StackTraceUtility:ExtractStackTrace () (at /home/bokken/build/output/unity/unity/Runtime/Export/Scripting/StackTrace.cs:37)
04-24 16:58:34.351 14785 14807 I Unity   : UnityEngine.DebugLogHandler:LogFormat (UnityEngine.LogType,UnityEngine.Object,string,object[])
04-24 16:58:34.351 14785 14807 I Unity   : UnityEngine.Logger:Log (UnityEngine.LogType,object)
04-24 16:58:34.351 14785 14807 I Unity   : UnityEngine.Debug:Log (object)
04-24 16:58:34.351 14785 14807 I Unity   : OVRManager:OnApplicationPause (bool) (at C:/Users/kisan/OneDrive/Bureau/VR_project/Assets/Oculus/VR/Scripts/OVRManager.cs:2500)
04-24 16:58:34.351 14785 14807 I Unity   : 
04-24 16:58:35.495 14785 14785 I Unity   : onDestroy
04-24 16:58:40.051 15171 15171 I Unity   : onResume
04-24 16:58:40.568 15171 15171 I Unity   : windowFocusChanged: true
04-24 16:58:40.579 15171 15197 I Unity   : MemoryManager: Using 'Dynamic Heap' Allocator.
04-24 16:58:40.644 15171 15197 I Unity   : SystemInfo CPU = ARM64 FP ASIMD AES, Cores = 3, Memory = 3808mb
04-24 16:58:40.644 15171 15197 I Unity   : SystemInfo ARM big.LITTLE configuration: 3 big (mask: 0xe0), 0 little (mask: 0x0)
04-24 16:58:40.644 15171 15197 I Unity   : XR UsableCoreMask: 0xe0
04-24 16:58:40.646 15171 15197 I Unity   : ApplicationInfo com.VR_project04.H02 version 0.1
04-24 16:58:40.646 15171 15197 I Unity   : Built from '2021.3/staging' branch, Version '2021.3.20f1 (577897200b8b)', Build type 'Development', Scripting Backend 'mono', CPU 'armeabi-v7a', Stripping 'Disabled'
04-24 16:58:40.806 15171 15197 I Unity   : Company Name: VR_project04
04-24 16:58:40.806 15171 15197 I Unity   : Product Name: H02
04-24 16:58:42.250 15171 15197 I Unity   : XRGeneral Settings awakening...
04-24 16:58:42.250 15171 15197 I Unity   : UnityEngine.StackTraceUtility:ExtractStackTrace () (at /home/bokken/build/output/unity/unity/Runtime/Export/Scripting/StackTrace.cs:37)
04-24 16:58:42.250 15171 15197 I Unity   : UnityEngine.DebugLogHandler:LogFormat (UnityEngine.LogType,UnityEngine.Object,string,object[])
04-24 16:58:42.250 15171 15197 I Unity   : UnityEngine.Logger:Log (UnityEngine.LogType,object)
04-24 16:58:42.250 15171 15197 I Unity   : UnityEngine.Debug:Log (object)
04-24 16:58:42.250 15171 15197 I Unity   : UnityEngine.XR.Management.XRGeneralSettings:Awake () (at C:/Users/kisan/OneDrive/Bureau/VR_project/Library/PackageCache/com.unity.xr.management@4.3.3/Runtime/XRGeneralSettings.cs:91)
04-24 16:58:42.250 15171 15197 I Unity   : 
04-24 16:58:43.398 15171 15242 W Unity   : [XR] Symmetric Projection is only supported on Quest 2 with Vulkan and Multiview.
04-24 16:58:48.085 15171 15197 E Unity   : DllNotFoundException: AudioPluginOculusSpatializer assembly:<unknown assembly> type:<unknown type> member:(null)
04-24 16:58:48.085 15171 15197 E Unity   :   at (wrapper managed-to-native) ONSPAudioSource.OSP_SetGlobalVoiceLimit(int)
04-24 16:58:48.085 15171 15197 E Unity   :   at ONSPAudioSource.OnBeforeSceneLoadRuntimeMethod () [0x00001] in C:\Users\kisan\OneDrive\Bureau\VR_project\Assets\Oculus\Spatializer\scripts\ONSPAudioSource.cs:50 
04-24 16:58:48.085 15171 15197 E Unity   : 
04-24 16:58:48.126 15171 15197 I Unity   : Unity v2021.3.20f1, Oculus Utilities v1.82.0, OVRPlugin v1.82.0, SDK v1.0.26.
04-24 16:58:48.126 15171 15197 I Unity   : UnityEngine.StackTraceUtility:ExtractStackTrace () (at /home/bokken/build/output/unity/unity/Runtime/Export/Scripting/StackTrace.cs:37)
04-24 16:58:48.126 15171 15197 I Unity   : UnityEngine.DebugLogHandler:LogFormat (UnityEngine.LogType,UnityEngine.Object,string,object[])
04-24 16:58:48.126 15171 15197 I Unity   : UnityEngine.Logger:Log (UnityEngine.LogType,object)
04-24 16:58:48.126 15171 15197 I Unity   : UnityEngine.Debug:Log (object)
04-24 16:58:48.126 15171 15197 I Unity   : OVRManager:InitOVRManager () (at C:/Users/kisan/OneDrive/Bureau/VR_project/Assets/Oculus/VR/Scripts/OVRManager.cs:1691)
04-24 16:58:48.126 15171 15197 I Unity   : OVRManager:Awake () (at C:/Users/kisan/OneDrive/Bureau/VR_project/Assets/Oculus/VR/Scripts/OVRManager.cs:1890)
04-24 16:58:48.126 15171 15197 I Unity   : 
04-24 16:58:48.138 15171 15197 I Unity   : SystemHeadset Oculus_Quest, API OpenXR
04-24 16:58:48.138 15171 15197 I Unity   : UnityEngine.StackTraceUtility:ExtractStackTrace () (at /home/bokken/build/output/unity/unity/Runtime/Export/Scripting/StackTrace.cs:37)
04-24 16:58:48.138 15171 15197 I Unity   : UnityEngine.DebugLogHandler:LogFormat (UnityEngine.LogType,UnityEngine.Object,string,object[])
04-24 16:58:48.138 15171 15197 I Unity   : UnityEngine.Logger:LogFormat (UnityEngine.LogType,string,object[])
04-24 16:58:48.138 15171 15197 I Unity   : UnityEngine.Debug:LogFormat (string,object[])
04-24 16:58:48.138 15171 15197 I Unity   : OVRManager:InitOVRManager () (at C:/Users/kisan/OneDrive/Bureau/VR_project/Assets/Oculus/VR/Scripts/OVRManager.cs:1696)
04-24 16:58:48.138 15171 15197 I Unity   : OVRManager:Awake () (at C:/Users/kisan/OneDrive/Bureau/VR_project/Assets/Oculus/VR/Scripts/OVRManager.cs:1890)
04-24 16:58:48.138 15171 15197 I Unity   : 
04-24 16:58:48.142 15171 15197 I Unity   : OpenXR instance 0x100000000000002 session 0x200000000000020
04-24 16:58:48.142 15171 15197 I Unity   : UnityEngine.StackTraceUtility:ExtractStackTrace () (at /home/bokken/build/output/unity/unity/Runtime/Export/Scripting/StackTrace.cs:37)
04-24 16:58:48.142 15171 15197 I Unity   : UnityEngine.DebugLogHandler:LogFormat (UnityEngine.LogType,UnityEngine.Object,string,object[])
04-24 16:58:48.142 15171 15197 I Unity   : UnityEngine.Logger:LogFormat (UnityEngine.LogType,string,object[])
04-24 16:58:48.142 15171 15197 I Unity   : UnityEngine.Debug:LogFormat (string,object[])
04-24 16:58:48.142 15171 15197 I Unity   : OVRManager:InitOVRManager () (at C:/Users/kisan/OneDrive/Bureau/VR_project/Assets/Oculus/VR/Scripts/OVRManager.cs:1700)
04-24 16:58:48.142 15171 15197 I Unity   : OVRManager:Awake () (at C:/Users/kisan/OneDrive/Bureau/VR_project/Assets/Oculus/VR/Scripts/OVRManager.cs:1890)
04-24 16:58:48.142 15171 15197 I Unity   : 
04-24 16:58:48.168 15171 15197 I Unity   : OVRPlugin.Media initialized
04-24 16:58:48.168 15171 15197 I Unity   : UnityEngine.StackTraceUtility:ExtractStackTrace () (at /home/bokken/build/output/unity/unity/Runtime/Export/Scripting/StackTrace.cs:37)
04-24 16:58:48.168 15171 15197 I Unity   : UnityEngine.DebugLogHandler:LogFormat (UnityEngine.LogType,UnityEngine.Object,string,object[])
04-24 16:58:48.168 15171 15197 I Unity   : UnityEngine.Logger:Log (UnityEngine.LogType,object)
04-24 16:58:48.168 15171 15197 I Unity   : UnityEngine.Debug:Log (object)
04-24 16:58:48.168 15171 15197 I Unity   : OVRManager:StaticInitializeMixedRealityCapture (OVRMixedRealityCaptureConfiguration) (at C:/Users/kisan/OneDrive/Bureau/VR_project/Assets/Oculus/VR/Scripts/OVRManager.cs:2562)
04-24 16:58:48.168 15171 15197 I Unity   : OVRManager:InitOVRManager () (at C:/Users/kisan/OneDrive/Bureau/VR_project/Assets/Oculus/VR/Scripts/OVRManager.cs:1798)
04-24 16:58:48.168 15171 15197 I Unity   : OVRManager:Awake () (at C:/Users/kisan/OneDrive/Bureau/VR_project/Assets/Oculus/VR/Scripts/OVRManager.cs:1890)
04-24 16:58:48.168 15171 15197 I Unity   : 
04-24 16:58:48.170 15171 15197 I Unity   : [MRC] SetMrcAudioSampleRate(48000)
04-24 16:58:48.170 15171 15197 I Unity   : UnityEngine.StackTraceUtility:ExtractStackTrace () (at /home/bokken/build/output/unity/unity/Runtime/Export/Scripting/StackTrace.cs:37)
04-24 16:58:48.170 15171 15197 I Unity   : UnityEngine.DebugLogHandler:LogFormat (UnityEngine.LogType,UnityEngine.Object,string,object[])
04-24 16:58:48.170 15171 15197 I Unity   : UnityEngine.Logger:LogFormat (UnityEngine.LogType,string,object[])
04-24 16:58:48.170 15171 15197 I Unity   : UnityEngine.Debug:LogFormat (string,object[])
04-24 16:58:48.170 15171 15197 I Unity   : OVRManager:StaticInitializeMixedRealityCapture (OVRMixedRealityCaptureConfiguration) (at C:/Users/kisan/OneDrive/Bureau/VR_project/Assets/Oculus/VR/Scripts/OVRManager.cs:2569)
04-24 16:58:48.170 15171 15197 I Unity   : OVRManager:InitOVRManager () (at C:/Users/kisan/OneDrive/Bureau/VR_project/Assets/Oculus/VR/Scripts/OVRManager.cs:1798)
04-24 16:58:48.170 15171 15197 I Unity   : OVRManager:Awake () (at C:/Users/kisan/OneDrive/Bureau/VR_project/Assets/Oculus/VR/Scripts/OVRManager.cs:1890)
04-24 16:58:48.170 15171 15197 I Unity   : 
04-24 16:58:48.173 15171 15197 I Unity   : [MRC] Active InputVideoBufferType:TextureHandle
04-24 16:58:48.173 15171 15197 I Unity   : UnityEngine.StackTraceUtility:ExtractStackTrace () (at /home/bokken/build/output/unity/unity/Runtime/Export/Scripting/StackTrace.cs:37)
04-24 16:58:48.173 15171 15197 I Unity   : UnityEngine.DebugLogHandler:LogFormat (UnityEngine.LogType,UnityEngine.Object,string,object[])
04-24 16:58:48.173 15171 15197 I Unity   : UnityEngine.Logger:LogFormat (UnityEngine.LogType,string,object[])
04-24 16:58:48.173 15171 15197 I Unity   : UnityEngine.Debug:LogFormat (string,object[])
04-24 16:58:48.173 15171 15197 I Unity   : OVRManager:StaticInitializeMixedRealityCapture (OVRMixedRealityCaptureConfiguration) (at C:/Users/kisan/OneDrive/Bureau/VR_project/Assets/Oculus/VR/Scripts/OVRManager.cs:2573)
04-24 16:58:48.173 15171 15197 I Unity   : OVRManager:InitOVRManager () (at C:/Users/kisan/OneDrive/Bureau/VR_project/Assets/Oculus/VR/Scripts/OVRManager.cs:1798)
04-24 16:58:48.173 15171 15197 I Unity   : OVRManager:Awake () (at C:/Users/kisan/OneDrive/Bureau/VR_project/Assets/Oculus/VR/Scripts/OVRManager.cs:1890)
04-24 16:58:48.173 15171 15197 I Unity   : 
04-24 16:58:48.174 15171 15197 I Unity   : [MRC] ActivateMode: Automatic
04-24 16:58:48.174 15171 15197 I Unity   : UnityEngine.StackTraceUtility:ExtractStackTrace () (at /home/bokken/build/output/unity/unity/Runtime/Export/Scripting/StackTrace.cs:37)
04-24 16:58:48.174 15171 15197 I Unity   : UnityEngine.DebugLogHandler:LogFormat (UnityEngine.LogType,UnityEngine.Object,string,object[])
04-24 16:58:48.174 15171 15197 I Unity   : UnityEngine.Logger:LogFormat (UnityEngine.LogType,string,object[])
04-24 16:58:48.174 15171 15197 I Unity   : UnityEngine.Debug:LogFormat (string,object[])
04-24 16:58:48.174 15171 15197 I Unity   : OVRManager:StaticInitializeMixedRealityCapture (OVRMixedRealityCaptureConfiguration) (at C:/Users/kisan/OneDrive/Bureau/VR_project/Assets/Oculus/VR/Scripts/OVRManager.cs:2577)
04-24 16:58:48.174 15171 15197 I Unity   : OVRManager:InitOVRManager () (at C:/Users/kisan/OneDrive/Bureau/VR_project/Assets/Oculus/VR/Scripts/OVRManager.cs:1798)
04-24 16:58:48.174 15171 15197 I Unity   : OVRManager:Awake () (at C:/Users/kisan/OneDrive/Bureau/VR_project/Assets/Oculus/VR/Scripts/OVRManager.cs:1890)
04-24 16:58:48.174 15171 15197 I Unity   : 
04-24 16:58:48.210 15171 15197 I Unity   : Current display frequency 72, available frequencies [60, 60, 72, 72]
04-24 16:58:48.210 15171 15197 I Unity   : UnityEngine.StackTraceUtility:ExtractStackTrace () (at /home/bokken/build/output/unity/unity/Runtime/Export/Scripting/StackTrace.cs:37)
